This file contains any messages produced by compilers while
running configure, to aid debugging if configure makes a mistake.

It was created by alsa-lib configure 1.2.9, which was
generated by GNU Autoconf 2.69.  Invocation command line was

  $ ./configure --host=aarch64-linux-gnu --prefix=/home/ubuntu1804/workspace/alsa-lib-1.2.9/install --disable-python --disable-alisp --disable-static --enable-shared

## --------- ##
## Platform. ##
## --------- ##

hostname = ubuntu
uname -m = x86_64
uname -r = 5.4.0-150-generic
uname -s = Linux
uname -v = #167~18.04.1-Ubuntu SMP Wed May 24 00:51:42 UTC 2023

/usr/bin/uname -p = unknown
/bin/uname -X     = unknown

/bin/arch              = unknown
/usr/bin/arch -k       = unknown
/usr/convex/getsysinfo = unknown
/usr/bin/hostinfo      = unknown
/bin/machine           = unknown
/usr/bin/oslevel       = unknown
/bin/universe          = unknown

PATH: /usr/local/sbin
PATH: /usr/local/bin
PATH: /usr/sbin
PATH: /usr/bin
PATH: /sbin
PATH: /bin
PATH: /usr/games
PATH: /usr/local/games
PATH: /snap/bin
PATH: /home/ubuntu1804/workspace/rk3308/prebuilts/gcc/linux-x86/aarch64/gcc-linaro-6.3.1-2017.05-x86_64_aarch64-linux-gnu/bin


## ----------- ##
## Core tests. ##
## ----------- ##

configure:2503: checking build system type
configure:2517: result: x86_64-pc-linux-gnu
configure:2537: checking host system type
configure:2550: result: aarch64-unknown-linux-gnu
configure:2586: checking for a BSD-compatible install
configure:2654: result: /usr/bin/install -c
configure:2665: checking whether build environment is sane
configure:2720: result: yes
configure:2779: checking for aarch64-linux-gnu-strip
configure:2795: found /home/ubuntu1804/workspace/rk3308/prebuilts/gcc/linux-x86/aarch64/gcc-linaro-6.3.1-2017.05-x86_64_aarch64-linux-gnu/bin/aarch64-linux-gnu-strip
configure:2806: result: aarch64-linux-gnu-strip
configure:2871: checking for a thread-safe mkdir -p
configure:2910: result: /bin/mkdir -p
configure:2917: checking for gawk
configure:2933: found /usr/bin/gawk
configure:2944: result: gawk
configure:2955: checking whether make sets $(MAKE)
configure:2977: result: yes
configure:3006: checking whether make supports nested variables
configure:3023: result: yes
configure:3160: checking whether to enable maintainer-specific portions of Makefiles
configure:3169: result: yes
configure:3195: checking whether make supports nested variables
configure:3212: result: yes
configure:3235: checking for aarch64-linux-gnu-gcc
configure:3251: found /home/ubuntu1804/workspace/rk3308/prebuilts/gcc/linux-x86/aarch64/gcc-linaro-6.3.1-2017.05-x86_64_aarch64-linux-gnu/bin/aarch64-linux-gnu-gcc
configure:3262: result: aarch64-linux-gnu-gcc
configure:3531: checking for C compiler version
configure:3540: aarch64-linux-gnu-gcc --version >&5
aarch64-linux-gnu-gcc (Linaro GCC 6.3-2017.05) 6.3.1 20170404
Copyright (C) 2016 Free Software Foundation, Inc.
This is free software; see the source for copying conditions.  There is NO
warranty; not even for MERCHANTABILITY or FITNESS FOR A PARTICULAR PURPOSE.

configure:3551: $? = 0
configure:3540: aarch64-linux-gnu-gcc -v >&5
Using built-in specs.
COLLECT_GCC=aarch64-linux-gnu-gcc
COLLECT_LTO_WRAPPER=/home/ubuntu1804/workspace/rk3308/prebuilts/gcc/linux-x86/aarch64/gcc-linaro-6.3.1-2017.05-x86_64_aarch64-linux-gnu/bin/../libexec/gcc/aarch64-linux-gnu/6.3.1/lto-wrapper
Target: aarch64-linux-gnu
Configured with: '/home/tcwg-buildslave/workspace/tcwg-make-release/builder_arch/amd64/label/tcwg-x86_64-build/target/aarch64-linux-gnu/snapshots/gcc.git~linaro-6.3-2017.05/configure' SHELL=/bin/bash --with-mpc=/home/tcwg-buildslave/workspace/tcwg-make-release/builder_arch/amd64/label/tcwg-x86_64-build/target/aarch64-linux-gnu/_build/builds/destdir/x86_64-unknown-linux-gnu --with-mpfr=/home/tcwg-buildslave/workspace/tcwg-make-release/builder_arch/amd64/label/tcwg-x86_64-build/target/aarch64-linux-gnu/_build/builds/destdir/x86_64-unknown-linux-gnu --with-gmp=/home/tcwg-buildslave/workspace/tcwg-make-release/builder_arch/amd64/label/tcwg-x86_64-build/target/aarch64-linux-gnu/_build/builds/destdir/x86_64-unknown-linux-gnu --with-gnu-as --with-gnu-ld --disable-libmudflap --enable-lto --enable-shared --without-included-gettext --enable-nls --disable-sjlj-exceptions --enable-gnu-unique-object --enable-linker-build-id --disable-libstdcxx-pch --enable-c99 --enable-clocale=gnu --enable-libstdcxx-debug --enable-long-long --with-cloog=no --with-ppl=no --with-isl=no --disable-multilib --enable-fix-cortex-a53-835769 --enable-fix-cortex-a53-843419 --with-arch=armv8-a --enable-threads=posix --enable-multiarch --enable-libstdcxx-time=yes --enable-gnu-indirect-function --with-build-sysroot=/home/tcwg-buildslave/workspace/tcwg-make-release/builder_arch/amd64/label/tcwg-x86_64-build/target/aarch64-linux-gnu/_build/sysroots/aarch64-linux-gnu --with-sysroot=/home/tcwg-buildslave/workspace/tcwg-make-release/builder_arch/amd64/label/tcwg-x86_64-build/target/aarch64-linux-gnu/_build/builds/destdir/x86_64-unknown-linux-gnu/aarch64-linux-gnu/libc --enable-checking=release --disable-bootstrap --enable-languages=c,c++,fortran,lto --build=x86_64-unknown-linux-gnu --host=x86_64-unknown-linux-gnu --target=aarch64-linux-gnu --prefix=/home/tcwg-buildslave/workspace/tcwg-make-release/builder_arch/amd64/label/tcwg-x86_64-build/target/aarch64-linux-gnu/_build/builds/destdir/x86_64-unknown-linux-gnu
Thread model: posix
gcc version 6.3.1 20170404 (Linaro GCC 6.3-2017.05) 
configure:3551: $? = 0
configure:3540: aarch64-linux-gnu-gcc -V >&5
aarch64-linux-gnu-gcc: error: unrecognized command line option '-V'
aarch64-linux-gnu-gcc: fatal error: no input files
compilation terminated.
configure:3551: $? = 1
configure:3540: aarch64-linux-gnu-gcc -qversion >&5
aarch64-linux-gnu-gcc: error: unrecognized command line option '-qversion'; did you mean '--version'?
aarch64-linux-gnu-gcc: fatal error: no input files
compilation terminated.
configure:3551: $? = 1
configure:3571: checking whether the C compiler works
configure:3593: aarch64-linux-gnu-gcc    conftest.c  >&5
configure:3597: $? = 0
configure:3645: result: yes
configure:3648: checking for C compiler default output file name
configure:3650: result: a.out
configure:3656: checking for suffix of executables
configure:3663: aarch64-linux-gnu-gcc -o conftest    conftest.c  >&5
configure:3667: $? = 0
configure:3689: result: 
configure:3711: checking whether we are cross compiling
configure:3719: aarch64-linux-gnu-gcc -o conftest    conftest.c  >&5
configure:3723: $? = 0
configure:3730: ./conftest
./configure: line 3732: ./conftest: cannot execute binary file: Exec format error
configure:3734: $? = 126
configure:3749: result: yes
configure:3754: checking for suffix of object files
configure:3776: aarch64-linux-gnu-gcc -c   conftest.c >&5
configure:3780: $? = 0
configure:3801: result: o
configure:3805: checking whether we are using the GNU C compiler
configure:3824: aarch64-linux-gnu-gcc -c   conftest.c >&5
configure:3824: $? = 0
configure:3833: result: yes
configure:3842: checking whether aarch64-linux-gnu-gcc accepts -g
configure:3862: aarch64-linux-gnu-gcc -c -g  conftest.c >&5
configure:3862: $? = 0
configure:3903: result: yes
configure:3920: checking for aarch64-linux-gnu-gcc option to accept ISO C89
configure:3983: aarch64-linux-gnu-gcc  -c -g -O2  conftest.c >&5
configure:3983: $? = 0
configure:3996: result: none needed
configure:4021: checking whether aarch64-linux-gnu-gcc understands -c and -o together
configure:4043: aarch64-linux-gnu-gcc -c conftest.c -o conftest2.o
configure:4046: $? = 0
configure:4043: aarch64-linux-gnu-gcc -c conftest.c -o conftest2.o
configure:4046: $? = 0
configure:4058: result: yes
configure:4078: checking whether make supports the include directive
configure:4093: make -f confmf.GNU && cat confinc.out
this is the am__doit target
configure:4096: $? = 0
configure:4115: result: yes (GNU style)
configure:4140: checking dependency style of aarch64-linux-gnu-gcc
configure:4251: result: gcc3
configure:4271: checking how to run the C preprocessor
configure:4302: aarch64-linux-gnu-gcc -E  conftest.c
configure:4302: $? = 0
configure:4316: aarch64-linux-gnu-gcc -E  conftest.c
conftest.c:11:28: fatal error: ac_nonexistent.h: No such file or directory
 #include <ac_nonexistent.h>
                            ^
compilation terminated.
configure:4316: $? = 1
configure: failed program was:
| /* confdefs.h */
| #define PACKAGE_NAME "alsa-lib"
| #define PACKAGE_TARNAME "alsa-lib"
| #define PACKAGE_VERSION "1.2.9"
| #define PACKAGE_STRING "alsa-lib 1.2.9"
| #define PACKAGE_BUGREPORT ""
| #define PACKAGE_URL ""
| #define PACKAGE "alsa-lib"
| #define VERSION "1.2.9"
| /* end confdefs.h.  */
| #include <ac_nonexistent.h>
configure:4341: result: aarch64-linux-gnu-gcc -E
configure:4361: aarch64-linux-gnu-gcc -E  conftest.c
configure:4361: $? = 0
configure:4375: aarch64-linux-gnu-gcc -E  conftest.c
conftest.c:11:28: fatal error: ac_nonexistent.h: No such file or directory
 #include <ac_nonexistent.h>
                            ^
compilation terminated.
configure:4375: $? = 1
configure: failed program was:
| /* confdefs.h */
| #define PACKAGE_NAME "alsa-lib"
| #define PACKAGE_TARNAME "alsa-lib"
| #define PACKAGE_VERSION "1.2.9"
| #define PACKAGE_STRING "alsa-lib 1.2.9"
| #define PACKAGE_BUGREPORT ""
| #define PACKAGE_URL ""
| #define PACKAGE "alsa-lib"
| #define VERSION "1.2.9"
| /* end confdefs.h.  */
| #include <ac_nonexistent.h>
configure:4405: checking for grep that handles long lines and -e
configure:4463: result: /bin/grep
configure:4468: checking for egrep
configure:4530: result: /bin/grep -E
configure:4535: checking for ANSI C header files
configure:4555: aarch64-linux-gnu-gcc -c -g -O2  conftest.c >&5
configure:4555: $? = 0
configure:4639: result: yes
configure:4652: checking for sys/types.h
configure:4652: aarch64-linux-gnu-gcc -c -g -O2  conftest.c >&5
configure:4652: $? = 0
configure:4652: result: yes
configure:4652: checking for sys/stat.h
configure:4652: aarch64-linux-gnu-gcc -c -g -O2  conftest.c >&5
configure:4652: $? = 0
configure:4652: result: yes
configure:4652: checking for stdlib.h
configure:4652: aarch64-linux-gnu-gcc -c -g -O2  conftest.c >&5
configure:4652: $? = 0
configure:4652: result: yes
configure:4652: checking for string.h
configure:4652: aarch64-linux-gnu-gcc -c -g -O2  conftest.c >&5
configure:4652: $? = 0
configure:4652: result: yes
configure:4652: checking for memory.h
configure:4652: aarch64-linux-gnu-gcc -c -g -O2  conftest.c >&5
configure:4652: $? = 0
configure:4652: result: yes
configure:4652: checking for strings.h
configure:4652: aarch64-linux-gnu-gcc -c -g -O2  conftest.c >&5
configure:4652: $? = 0
configure:4652: result: yes
configure:4652: checking for inttypes.h
configure:4652: aarch64-linux-gnu-gcc -c -g -O2  conftest.c >&5
configure:4652: $? = 0
configure:4652: result: yes
configure:4652: checking for stdint.h
configure:4652: aarch64-linux-gnu-gcc -c -g -O2  conftest.c >&5
configure:4652: $? = 0
configure:4652: result: yes
configure:4652: checking for unistd.h
configure:4652: aarch64-linux-gnu-gcc -c -g -O2  conftest.c >&5
configure:4652: $? = 0
configure:4652: result: yes
configure:4665: checking minix/config.h usability
configure:4665: aarch64-linux-gnu-gcc -c -g -O2  conftest.c >&5
conftest.c:54:26: fatal error: minix/config.h: No such file or directory
 #include <minix/config.h>
                          ^
compilation terminated.
configure:4665: $? = 1
configure: failed program was:
| /* confdefs.h */
| #define PACKAGE_NAME "alsa-lib"
| #define PACKAGE_TARNAME "alsa-lib"
| #define PACKAGE_VERSION "1.2.9"
| #define PACKAGE_STRING "alsa-lib 1.2.9"
| #define PACKAGE_BUGREPORT ""
| #define PACKAGE_URL ""
| #define PACKAGE "alsa-lib"
| #define VERSION "1.2.9"
| #define STDC_HEADERS 1
| #define HAVE_SYS_TYPES_H 1
| #define HAVE_SYS_STAT_H 1
| #define HAVE_STDLIB_H 1
| #define HAVE_STRING_H 1
| #define HAVE_MEMORY_H 1
| #define HAVE_STRINGS_H 1
| #define HAVE_INTTYPES_H 1
| #define HAVE_STDINT_H 1
| #define HAVE_UNISTD_H 1
| /* end confdefs.h.  */
| #include <stdio.h>
| #ifdef HAVE_SYS_TYPES_H
| # include <sys/types.h>
| #endif
| #ifdef HAVE_SYS_STAT_H
| # include <sys/stat.h>
| #endif
| #ifdef STDC_HEADERS
| # include <stdlib.h>
| # include <stddef.h>
| #else
| # ifdef HAVE_STDLIB_H
| #  include <stdlib.h>
| # endif
| #endif
| #ifdef HAVE_STRING_H
| # if !defined STDC_HEADERS && defined HAVE_MEMORY_H
| #  include <memory.h>
| # endif
| # include <string.h>
| #endif
| #ifdef HAVE_STRINGS_H
| # include <strings.h>
| #endif
| #ifdef HAVE_INTTYPES_H
| # include <inttypes.h>
| #endif
| #ifdef HAVE_STDINT_H
| # include <stdint.h>
| #endif
| #ifdef HAVE_UNISTD_H
| # include <unistd.h>
| #endif
| #include <minix/config.h>
configure:4665: result: no
configure:4665: checking minix/config.h presence
configure:4665: aarch64-linux-gnu-gcc -E  conftest.c
conftest.c:21:26: fatal error: minix/config.h: No such file or directory
 #include <minix/config.h>
                          ^
compilation terminated.
configure:4665: $? = 1
configure: failed program was:
| /* confdefs.h */
| #define PACKAGE_NAME "alsa-lib"
| #define PACKAGE_TARNAME "alsa-lib"
| #define PACKAGE_VERSION "1.2.9"
| #define PACKAGE_STRING "alsa-lib 1.2.9"
| #define PACKAGE_BUGREPORT ""
| #define PACKAGE_URL ""
| #define PACKAGE "alsa-lib"
| #define VERSION "1.2.9"
| #define STDC_HEADERS 1
| #define HAVE_SYS_TYPES_H 1
| #define HAVE_SYS_STAT_H 1
| #define HAVE_STDLIB_H 1
| #define HAVE_STRING_H 1
| #define HAVE_MEMORY_H 1
| #define HAVE_STRINGS_H 1
| #define HAVE_INTTYPES_H 1
| #define HAVE_STDINT_H 1
| #define HAVE_UNISTD_H 1
| /* end confdefs.h.  */
| #include <minix/config.h>
configure:4665: result: no
configure:4665: checking for minix/config.h
configure:4665: result: no
configure:4686: checking whether it is safe to define __EXTENSIONS__
configure:4704: aarch64-linux-gnu-gcc -c -g -O2  conftest.c >&5
configure:4704: $? = 0
configure:4711: result: yes
configure:4726: checking whether ln -s works
configure:4730: result: yes
configure:4818: checking how to print strings
configure:4845: result: printf
configure:4866: checking for a sed that does not truncate output
configure:4930: result: /bin/sed
configure:4948: checking for fgrep
configure:5010: result: /bin/grep -F
configure:5045: checking for ld used by aarch64-linux-gnu-gcc
configure:5112: result: /home/ubuntu1804/workspace/rk3308/prebuilts/gcc/linux-x86/aarch64/gcc-linaro-6.3.1-2017.05-x86_64_aarch64-linux-gnu/aarch64-linux-gnu/bin/ld
configure:5119: checking if the linker (/home/ubuntu1804/workspace/rk3308/prebuilts/gcc/linux-x86/aarch64/gcc-linaro-6.3.1-2017.05-x86_64_aarch64-linux-gnu/aarch64-linux-gnu/bin/ld) is GNU ld
configure:5134: result: yes
configure:5146: checking for BSD- or MS-compatible name lister (nm)
configure:5200: result: /home/ubuntu1804/workspace/rk3308/prebuilts/gcc/linux-x86/aarch64/gcc-linaro-6.3.1-2017.05-x86_64_aarch64-linux-gnu/bin/aarch64-linux-gnu-nm -B
configure:5330: checking the name lister (/home/ubuntu1804/workspace/rk3308/prebuilts/gcc/linux-x86/aarch64/gcc-linaro-6.3.1-2017.05-x86_64_aarch64-linux-gnu/bin/aarch64-linux-gnu-nm -B) interface
configure:5337: aarch64-linux-gnu-gcc -c -g -O2  conftest.c >&5
configure:5340: /home/ubuntu1804/workspace/rk3308/prebuilts/gcc/linux-x86/aarch64/gcc-linaro-6.3.1-2017.05-x86_64_aarch64-linux-gnu/bin/aarch64-linux-gnu-nm -B "conftest.o"
configure:5343: output
0000000000000000 B some_variable
configure:5350: result: BSD nm
configure:5354: checking the maximum length of command line arguments
configure:5485: result: 1572864
configure:5533: checking how to convert x86_64-pc-linux-gnu file names to aarch64-unknown-linux-gnu format
configure:5573: result: func_convert_file_noop
configure:5580: checking how to convert x86_64-pc-linux-gnu file names to toolchain format
configure:5600: result: func_convert_file_noop
configure:5607: checking for /home/ubuntu1804/workspace/rk3308/prebuilts/gcc/linux-x86/aarch64/gcc-linaro-6.3.1-2017.05-x86_64_aarch64-linux-gnu/aarch64-linux-gnu/bin/ld option to reload object files
configure:5614: result: -r
configure:5648: checking for aarch64-linux-gnu-objdump
configure:5664: found /home/ubuntu1804/workspace/rk3308/prebuilts/gcc/linux-x86/aarch64/gcc-linaro-6.3.1-2017.05-x86_64_aarch64-linux-gnu/bin/aarch64-linux-gnu-objdump
configure:5675: result: aarch64-linux-gnu-objdump
configure:5747: checking how to recognize dependent libraries
configure:5947: result: pass_all
configure:5992: checking for aarch64-linux-gnu-dlltool
configure:6022: result: no
configure:6032: checking for dlltool
configure:6062: result: no
configure:6092: checking how to associate runtime and link libraries
configure:6119: result: printf %s\n
configure:6135: checking for aarch64-linux-gnu-ar
configure:6151: found /home/ubuntu1804/workspace/rk3308/prebuilts/gcc/linux-x86/aarch64/gcc-linaro-6.3.1-2017.05-x86_64_aarch64-linux-gnu/bin/aarch64-linux-gnu-ar
configure:6162: result: aarch64-linux-gnu-ar
configure:6243: checking for archiver @FILE support
configure:6260: aarch64-linux-gnu-gcc -c -g -O2  conftest.c >&5
configure:6260: $? = 0
configure:6263: aarch64-linux-gnu-ar cru libconftest.a @conftest.lst >&5
configure:6266: $? = 0
configure:6271: aarch64-linux-gnu-ar cru libconftest.a @conftest.lst >&5
aarch64-linux-gnu-ar: conftest.o: No such file or directory
configure:6274: $? = 1
configure:6286: result: @
configure:6304: checking for aarch64-linux-gnu-strip
configure:6331: result: aarch64-linux-gnu-strip
configure:6403: checking for aarch64-linux-gnu-ranlib
configure:6419: found /home/ubuntu1804/workspace/rk3308/prebuilts/gcc/linux-x86/aarch64/gcc-linaro-6.3.1-2017.05-x86_64_aarch64-linux-gnu/bin/aarch64-linux-gnu-ranlib
configure:6430: result: aarch64-linux-gnu-ranlib
configure:6572: checking command to parse /home/ubuntu1804/workspace/rk3308/prebuilts/gcc/linux-x86/aarch64/gcc-linaro-6.3.1-2017.05-x86_64_aarch64-linux-gnu/bin/aarch64-linux-gnu-nm -B output from aarch64-linux-gnu-gcc object
configure:6725: aarch64-linux-gnu-gcc -c -g -O2  conftest.c >&5
configure:6728: $? = 0
configure:6732: /home/ubuntu1804/workspace/rk3308/prebuilts/gcc/linux-x86/aarch64/gcc-linaro-6.3.1-2017.05-x86_64_aarch64-linux-gnu/bin/aarch64-linux-gnu-nm -B conftest.o \| sed -n -e 's/^.*[ ]\([ABCDGIRSTW][ABCDGIRSTW]*\)[ ][ ]*\([_A-Za-z][_A-Za-z0-9]*\)$/\1 \2 \2/p' | sed '/ __gnu_lto/d' \> conftest.nm
configure:6735: $? = 0
configure:6801: aarch64-linux-gnu-gcc -o conftest -g -O2   conftest.c conftstm.o >&5
configure:6804: $? = 0
configure:6842: result: ok
configure:6889: checking for sysroot
configure:6919: result: no
configure:6926: checking for a working dd
configure:6964: result: /bin/dd
configure:6968: checking how to truncate binary pipes
configure:6983: result: /bin/dd bs=4096 count=1
configure:7272: checking for aarch64-linux-gnu-mt
configure:7302: result: no
configure:7312: checking for mt
configure:7328: found /bin/mt
configure:7339: result: mt
configure:7351: WARNING: using cross tools not prefixed with host triplet
configure:7362: checking if mt is a manifest tool
configure:7368: mt '-?'
configure:7376: result: no
configure:8050: checking for dlfcn.h
configure:8050: aarch64-linux-gnu-gcc -c -g -O2  conftest.c >&5
configure:8050: $? = 0
configure:8050: result: yes
configure:8274: checking for objdir
configure:8289: result: .libs
configure:8553: checking if aarch64-linux-gnu-gcc supports -fno-rtti -fno-exceptions
configure:8571: aarch64-linux-gnu-gcc -c -g -O2  -fno-rtti -fno-exceptions conftest.c >&5
cc1: warning: command line option '-fno-rtti' is valid for C++/ObjC++ but not for C
configure:8575: $? = 0
configure:8588: result: no
configure:8946: checking for aarch64-linux-gnu-gcc option to produce PIC
configure:8953: result: -fPIC -DPIC
configure:8961: checking if aarch64-linux-gnu-gcc PIC flag -fPIC -DPIC works
configure:8979: aarch64-linux-gnu-gcc -c -g -O2  -fPIC -DPIC -DPIC conftest.c >&5
configure:8983: $? = 0
configure:8996: result: yes
configure:9025: checking if aarch64-linux-gnu-gcc static flag -static works
configure:9053: result: yes
configure:9068: checking if aarch64-linux-gnu-gcc supports -c -o file.o
configure:9089: aarch64-linux-gnu-gcc -c -g -O2  -o out/conftest2.o conftest.c >&5
configure:9093: $? = 0
configure:9115: result: yes
configure:9123: checking if aarch64-linux-gnu-gcc supports -c -o file.o
configure:9170: result: yes
configure:9203: checking whether the aarch64-linux-gnu-gcc linker (/home/ubuntu1804/workspace/rk3308/prebuilts/gcc/linux-x86/aarch64/gcc-linaro-6.3.1-2017.05-x86_64_aarch64-linux-gnu/aarch64-linux-gnu/bin/ld) supports shared libraries
configure:10462: result: yes
configure:10499: checking whether -lc should be explicitly linked in
configure:10507: aarch64-linux-gnu-gcc -c -g -O2  conftest.c >&5
configure:10510: $? = 0
configure:10525: aarch64-linux-gnu-gcc -shared  -fPIC -DPIC conftest.o  -v -Wl,-soname -Wl,conftest -o conftest 2\>\&1 \| /bin/grep  -lc  \>/dev/null 2\>\&1
configure:10528: $? = 0
configure:10542: result: no
configure:10702: checking dynamic linker characteristics
configure:11283: aarch64-linux-gnu-gcc -o conftest -g -O2   -Wl,-rpath -Wl,/foo conftest.c  >&5
configure:11283: $? = 0
configure:11523: result: GNU/Linux ld.so
configure:11645: checking how to hardcode library paths into programs
configure:11670: result: immediate
configure:11772: checking for shl_load
configure:11772: aarch64-linux-gnu-gcc -o conftest -g -O2   conftest.c  >&5
/tmp/cc4BhX8K.o: In function `main':
/home/ubuntu1804/workspace/alsa-lib-1.2.9/conftest.c:62: undefined reference to `shl_load'
collect2: error: ld returned 1 exit status
configure:11772: $? = 1
configure: failed program was:
| /* confdefs.h */
| #define PACKAGE_NAME "alsa-lib"
| #define PACKAGE_TARNAME "alsa-lib"
| #define PACKAGE_VERSION "1.2.9"
| #define PACKAGE_STRING "alsa-lib 1.2.9"
| #define PACKAGE_BUGREPORT ""
| #define PACKAGE_URL ""
| #define PACKAGE "alsa-lib"
| #define VERSION "1.2.9"
| #define STDC_HEADERS 1
| #define HAVE_SYS_TYPES_H 1
| #define HAVE_SYS_STAT_H 1
| #define HAVE_STDLIB_H 1
| #define HAVE_STRING_H 1
| #define HAVE_MEMORY_H 1
| #define HAVE_STRINGS_H 1
| #define HAVE_INTTYPES_H 1
| #define HAVE_STDINT_H 1
| #define HAVE_UNISTD_H 1
| #define __EXTENSIONS__ 1
| #define _ALL_SOURCE 1
| #define _GNU_SOURCE 1
| #define _POSIX_PTHREAD_SEMANTICS 1
| #define _TANDEM_SOURCE 1
| #define HAVE_DLFCN_H 1
| #define LT_OBJDIR ".libs/"
| /* end confdefs.h.  */
| /* Define shl_load to an innocuous variant, in case <limits.h> declares shl_load.
|    For example, HP-UX 11i <limits.h> declares gettimeofday.  */
| #define shl_load innocuous_shl_load
| 
| /* System header to define __stub macros and hopefully few prototypes,
|     which can conflict with char shl_load (); below.
|     Prefer <limits.h> to <assert.h> if __STDC__ is defined, since
|     <limits.h> exists even on freestanding compilers.  */
| 
| #ifdef __STDC__
| # include <limits.h>
| #else
| # include <assert.h>
| #endif
| 
| #undef shl_load
| 
| /* Override any GCC internal prototype to avoid an error.
|    Use char because int might match the return type of a GCC
|    builtin and then its argument prototype would still apply.  */
| #ifdef __cplusplus
| extern "C"
| #endif
| char shl_load ();
| /* The GNU C library defines this for functions which it implements
|     to always fail with ENOSYS.  Some functions are actually named
|     something starting with __ and the normal name is an alias.  */
| #if defined __stub_shl_load || defined __stub___shl_load
| choke me
| #endif
| 
| int
| main ()
| {
| return shl_load ();
|   ;
|   return 0;
| }
configure:11772: result: no
configure:11776: checking for shl_load in -ldld
configure:11801: aarch64-linux-gnu-gcc -o conftest -g -O2   conftest.c -ldld   >&5
/home/ubuntu1804/workspace/rk3308/prebuilts/gcc/linux-x86/aarch64/gcc-linaro-6.3.1-2017.05-x86_64_aarch64-linux-gnu/bin/../lib/gcc/aarch64-linux-gnu/6.3.1/../../../../aarch64-linux-gnu/bin/ld: cannot find -ldld
collect2: error: ld returned 1 exit status
configure:11801: $? = 1
configure: failed program was:
| /* confdefs.h */
| #define PACKAGE_NAME "alsa-lib"
| #define PACKAGE_TARNAME "alsa-lib"
| #define PACKAGE_VERSION "1.2.9"
| #define PACKAGE_STRING "alsa-lib 1.2.9"
| #define PACKAGE_BUGREPORT ""
| #define PACKAGE_URL ""
| #define PACKAGE "alsa-lib"
| #define VERSION "1.2.9"
| #define STDC_HEADERS 1
| #define HAVE_SYS_TYPES_H 1
| #define HAVE_SYS_STAT_H 1
| #define HAVE_STDLIB_H 1
| #define HAVE_STRING_H 1
| #define HAVE_MEMORY_H 1
| #define HAVE_STRINGS_H 1
| #define HAVE_INTTYPES_H 1
| #define HAVE_STDINT_H 1
| #define HAVE_UNISTD_H 1
| #define __EXTENSIONS__ 1
| #define _ALL_SOURCE 1
| #define _GNU_SOURCE 1
| #define _POSIX_PTHREAD_SEMANTICS 1
| #define _TANDEM_SOURCE 1
| #define HAVE_DLFCN_H 1
| #define LT_OBJDIR ".libs/"
| /* end confdefs.h.  */
| 
| /* Override any GCC internal prototype to avoid an error.
|    Use char because int might match the return type of a GCC
|    builtin and then its argument prototype would still apply.  */
| #ifdef __cplusplus
| extern "C"
| #endif
| char shl_load ();
| int
| main ()
| {
| return shl_load ();
|   ;
|   return 0;
| }
configure:11810: result: no
configure:11815: checking for dlopen
configure:11815: aarch64-linux-gnu-gcc -o conftest -g -O2   conftest.c  >&5
/tmp/ccYNP0YP.o: In function `main':
/home/ubuntu1804/workspace/alsa-lib-1.2.9/conftest.c:62: undefined reference to `dlopen'
collect2: error: ld returned 1 exit status
configure:11815: $? = 1
configure: failed program was:
| /* confdefs.h */
| #define PACKAGE_NAME "alsa-lib"
| #define PACKAGE_TARNAME "alsa-lib"
| #define PACKAGE_VERSION "1.2.9"
| #define PACKAGE_STRING "alsa-lib 1.2.9"
| #define PACKAGE_BUGREPORT ""
| #define PACKAGE_URL ""
| #define PACKAGE "alsa-lib"
| #define VERSION "1.2.9"
| #define STDC_HEADERS 1
| #define HAVE_SYS_TYPES_H 1
| #define HAVE_SYS_STAT_H 1
| #define HAVE_STDLIB_H 1
| #define HAVE_STRING_H 1
| #define HAVE_MEMORY_H 1
| #define HAVE_STRINGS_H 1
| #define HAVE_INTTYPES_H 1
| #define HAVE_STDINT_H 1
| #define HAVE_UNISTD_H 1
| #define __EXTENSIONS__ 1
| #define _ALL_SOURCE 1
| #define _GNU_SOURCE 1
| #define _POSIX_PTHREAD_SEMANTICS 1
| #define _TANDEM_SOURCE 1
| #define HAVE_DLFCN_H 1
| #define LT_OBJDIR ".libs/"
| /* end confdefs.h.  */
| /* Define dlopen to an innocuous variant, in case <limits.h> declares dlopen.
|    For example, HP-UX 11i <limits.h> declares gettimeofday.  */
| #define dlopen innocuous_dlopen
| 
| /* System header to define __stub macros and hopefully few prototypes,
|     which can conflict with char dlopen (); below.
|     Prefer <limits.h> to <assert.h> if __STDC__ is defined, since
|     <limits.h> exists even on freestanding compilers.  */
| 
| #ifdef __STDC__
| # include <limits.h>
| #else
| # include <assert.h>
| #endif
| 
| #undef dlopen
| 
| /* Override any GCC internal prototype to avoid an error.
|    Use char because int might match the return type of a GCC
|    builtin and then its argument prototype would still apply.  */
| #ifdef __cplusplus
| extern "C"
| #endif
| char dlopen ();
| /* The GNU C library defines this for functions which it implements
|     to always fail with ENOSYS.  Some functions are actually named
|     something starting with __ and the normal name is an alias.  */
| #if defined __stub_dlopen || defined __stub___dlopen
| choke me
| #endif
| 
| int
| main ()
| {
| return dlopen ();
|   ;
|   return 0;
| }
configure:11815: result: no
configure:11819: checking for dlopen in -ldl
configure:11844: aarch64-linux-gnu-gcc -o conftest -g -O2   conftest.c -ldl   >&5
configure:11844: $? = 0
configure:11853: result: yes
configure:11972: checking whether a program can dlopen itself
configure:12073: result: cross
configure:12218: checking whether stripping libraries is possible
configure:12223: result: yes
configure:12258: checking if libtool supports shared libraries
configure:12260: result: yes
configure:12263: checking whether to build shared libraries
configure:12288: result: yes
configure:12291: checking whether to build static libraries
configure:12295: result: no
configure:12345: checking if aarch64-linux-gnu-gcc supports -Wl,--no-undefined flag
configure:12356: aarch64-linux-gnu-gcc -o conftest -g -O2   -Wl,--no-undefined conftest.c  >&5
configure:12356: $? = 0
configure:12367: result: yes
configure:12345: checking if aarch64-linux-gnu-gcc supports -Wl,-z,defs flag
configure:12356: aarch64-linux-gnu-gcc -o conftest -g -O2   -Wl,-z,defs conftest.c  >&5
configure:12356: $? = 0
configure:12367: result: yes
configure:12382: checking for ANSI C header files
configure:12486: result: yes
configure:12497: checking for an ANSI C-conforming const
configure:12563: aarch64-linux-gnu-gcc -c -g -O2  conftest.c >&5
configure:12563: $? = 0
configure:12570: result: yes
configure:12578: checking for inline
configure:12594: aarch64-linux-gnu-gcc -c -g -O2  conftest.c >&5
configure:12594: $? = 0
configure:12602: result: inline
configure:12620: checking whether time.h and sys/time.h may both be included
configure:12640: aarch64-linux-gnu-gcc -c -g -O2  conftest.c >&5
configure:12640: $? = 0
configure:12647: result: yes
configure:12657: checking whether aarch64-linux-gnu-gcc needs -traditional
configure:12691: result: no
configure:12700: checking for uselocale
configure:12700: aarch64-linux-gnu-gcc -o conftest -g -O2   conftest.c  >&5
configure:12700: $? = 0
configure:12700: result: yes
configure:12711: checking for eaccess
configure:12711: aarch64-linux-gnu-gcc -o conftest -g -O2   conftest.c  >&5
configure:12711: $? = 0
configure:12711: result: yes
configure:12722: checking for library version
configure:12747: result: major 1 minor 2 subminor 9 extrastr  extraver 1000000
configure:12838: checking for versioned symbols
configure:12865: result: yes
configure:12884: checking for symbolic-functions
configure:12903: result: no
configure:12915: checking for custom symbol prefixes
configure:12928: result: 
configure:12931: checking for debug
configure:12942: result: yes
configure:12953: checking for debug assert
configure:12969: result: no
configure:12974: checking for tmpdir
configure:12984: result: /tmp
configure:12992: checking for softfloat
configure:13010: result: no
configure:13019: checking for LFS calls
configure:13032: aarch64-linux-gnu-gcc -o conftest -g -O2   conftest.c  >&5
configure:13032: $? = 0
configure:13040: result: yes
configure:13050: checking for libdl
configure:13062: checking for library containing dlsym
configure:13093: aarch64-linux-gnu-gcc -o conftest -g -O2   conftest.c  >&5
/tmp/ccRHFvKf.o: In function `main':
/home/ubuntu1804/workspace/alsa-lib-1.2.9/conftest.c:51: undefined reference to `dlsym'
collect2: error: ld returned 1 exit status
configure:13093: $? = 1
configure: failed program was:
| /* confdefs.h */
| #define PACKAGE_NAME "alsa-lib"
| #define PACKAGE_TARNAME "alsa-lib"
| #define PACKAGE_VERSION "1.2.9"
| #define PACKAGE_STRING "alsa-lib 1.2.9"
| #define PACKAGE_BUGREPORT ""
| #define PACKAGE_URL ""
| #define PACKAGE "alsa-lib"
| #define VERSION "1.2.9"
| #define STDC_HEADERS 1
| #define HAVE_SYS_TYPES_H 1
| #define HAVE_SYS_STAT_H 1
| #define HAVE_STDLIB_H 1
| #define HAVE_STRING_H 1
| #define HAVE_MEMORY_H 1
| #define HAVE_STRINGS_H 1
| #define HAVE_INTTYPES_H 1
| #define HAVE_STDINT_H 1
| #define HAVE_UNISTD_H 1
| #define __EXTENSIONS__ 1
| #define _ALL_SOURCE 1
| #define _GNU_SOURCE 1
| #define _POSIX_PTHREAD_SEMANTICS 1
| #define _TANDEM_SOURCE 1
| #define HAVE_DLFCN_H 1
| #define LT_OBJDIR ".libs/"
| #define STDC_HEADERS 1
| #define TIME_WITH_SYS_TIME 1
| #define HAVE_USELOCALE 1
| #define HAVE_EACCESS 1
| #define VERSION "1.2.9"
| #define ALSA_CONFIG_DIR "/home/ubuntu1804/workspace/alsa-lib-1.2.9/install/share/alsa"
| #define ALSA_PLUGIN_DIR "/home/ubuntu1804/workspace/alsa-lib-1.2.9/install/lib/alsa-lib"
| #define ALSA_PKGCONF_DIR "/home/ubuntu1804/workspace/alsa-lib-1.2.9/install/lib/pkgconfig"
| #define VERSIONED_SYMBOLS /**/
| #define __SYMBOL_PREFIX ""
| #define TMPDIR "/tmp"
| #define HAVE_LFS 1
| /* end confdefs.h.  */
| 
| /* Override any GCC internal prototype to avoid an error.
|    Use char because int might match the return type of a GCC
|    builtin and then its argument prototype would still apply.  */
| #ifdef __cplusplus
| extern "C"
| #endif
| char dlsym ();
| int
| main ()
| {
| return dlsym ();
|   ;
|   return 0;
| }
configure:13093: aarch64-linux-gnu-gcc -o conftest -g -O2   conftest.c -ldl   >&5
configure:13093: $? = 0
configure:13110: result: -ldl
configure:13136: checking for pthread
configure:13147: checking for pthread_join in -lpthread
configure:13172: aarch64-linux-gnu-gcc -o conftest -g -O2   conftest.c -lpthread  -ldl  >&5
configure:13172: $? = 0
configure:13181: result: yes
configure:13199: checking whether PTHREAD_MUTEX_RECURSIVE is declared
configure:13199: aarch64-linux-gnu-gcc -c -g -O2  conftest.c >&5
configure:13199: $? = 0
configure:13199: result: yes
configure:13209: checking for __thread
configure:13224: aarch64-linux-gnu-gcc -o conftest -g -O2   conftest.c -ldl  >&5
configure:13224: $? = 0
configure:13228: result: yes
configure:13237: checking for librt
configure:13248: checking for clock_gettime in -lrt
configure:13273: aarch64-linux-gnu-gcc -o conftest -g -O2   conftest.c -lrt  -ldl  >&5
configure:13273: $? = 0
configure:13282: result: yes
configure:13304: checking for use of wordexp
configure:13330: result: no
configure:13337: checking endian.h usability
configure:13337: aarch64-linux-gnu-gcc -c -g -O2  conftest.c >&5
configure:13337: $? = 0
configure:13337: result: yes
configure:13337: checking endian.h presence
configure:13337: aarch64-linux-gnu-gcc -E  conftest.c
configure:13337: $? = 0
configure:13337: result: yes
configure:13337: checking for endian.h
configure:13337: result: yes
configure:13337: checking sys/endian.h usability
configure:13337: aarch64-linux-gnu-gcc -c -g -O2  conftest.c >&5
conftest.c:80:24: fatal error: sys/endian.h: No such file or directory
 #include <sys/endian.h>
                        ^
compilation terminated.
configure:13337: $? = 1
configure: failed program was:
| /* confdefs.h */
| #define PACKAGE_NAME "alsa-lib"
| #define PACKAGE_TARNAME "alsa-lib"
| #define PACKAGE_VERSION "1.2.9"
| #define PACKAGE_STRING "alsa-lib 1.2.9"
| #define PACKAGE_BUGREPORT ""
| #define PACKAGE_URL ""
| #define PACKAGE "alsa-lib"
| #define VERSION "1.2.9"
| #define STDC_HEADERS 1
| #define HAVE_SYS_TYPES_H 1
| #define HAVE_SYS_STAT_H 1
| #define HAVE_STDLIB_H 1
| #define HAVE_STRING_H 1
| #define HAVE_MEMORY_H 1
| #define HAVE_STRINGS_H 1
| #define HAVE_INTTYPES_H 1
| #define HAVE_STDINT_H 1
| #define HAVE_UNISTD_H 1
| #define __EXTENSIONS__ 1
| #define _ALL_SOURCE 1
| #define _GNU_SOURCE 1
| #define _POSIX_PTHREAD_SEMANTICS 1
| #define _TANDEM_SOURCE 1
| #define HAVE_DLFCN_H 1
| #define LT_OBJDIR ".libs/"
| #define STDC_HEADERS 1
| #define TIME_WITH_SYS_TIME 1
| #define HAVE_USELOCALE 1
| #define HAVE_EACCESS 1
| #define VERSION "1.2.9"
| #define ALSA_CONFIG_DIR "/home/ubuntu1804/workspace/alsa-lib-1.2.9/install/share/alsa"
| #define ALSA_PLUGIN_DIR "/home/ubuntu1804/workspace/alsa-lib-1.2.9/install/lib/alsa-lib"
| #define ALSA_PKGCONF_DIR "/home/ubuntu1804/workspace/alsa-lib-1.2.9/install/lib/pkgconfig"
| #define VERSIONED_SYMBOLS /**/
| #define __SYMBOL_PREFIX ""
| #define TMPDIR "/tmp"
| #define HAVE_LFS 1
| #define HAVE_LIBDL 1
| #define HAVE_LIBPTHREAD 1
| #define HAVE_PTHREAD_MUTEX_RECURSIVE /**/
| #define HAVE___THREAD 1
| #define HAVE_LIBRT 1
| #define HAVE_CLOCK_GETTIME 1
| #define HAVE_ENDIAN_H 1
| /* end confdefs.h.  */
| #include <stdio.h>
| #ifdef HAVE_SYS_TYPES_H
| # include <sys/types.h>
| #endif
| #ifdef HAVE_SYS_STAT_H
| # include <sys/stat.h>
| #endif
| #ifdef STDC_HEADERS
| # include <stdlib.h>
| # include <stddef.h>
| #else
| # ifdef HAVE_STDLIB_H
| #  include <stdlib.h>
| # endif
| #endif
| #ifdef HAVE_STRING_H
| # if !defined STDC_HEADERS && defined HAVE_MEMORY_H
| #  include <memory.h>
| # endif
| # include <string.h>
| #endif
| #ifdef HAVE_STRINGS_H
| # include <strings.h>
| #endif
| #ifdef HAVE_INTTYPES_H
| # include <inttypes.h>
| #endif
| #ifdef HAVE_STDINT_H
| # include <stdint.h>
| #endif
| #ifdef HAVE_UNISTD_H
| # include <unistd.h>
| #endif
| #include <sys/endian.h>
configure:13337: result: no
configure:13337: checking sys/endian.h presence
configure:13337: aarch64-linux-gnu-gcc -E  conftest.c
conftest.c:47:24: fatal error: sys/endian.h: No such file or directory
 #include <sys/endian.h>
                        ^
compilation terminated.
configure:13337: $? = 1
configure: failed program was:
| /* confdefs.h */
| #define PACKAGE_NAME "alsa-lib"
| #define PACKAGE_TARNAME "alsa-lib"
| #define PACKAGE_VERSION "1.2.9"
| #define PACKAGE_STRING "alsa-lib 1.2.9"
| #define PACKAGE_BUGREPORT ""
| #define PACKAGE_URL ""
| #define PACKAGE "alsa-lib"
| #define VERSION "1.2.9"
| #define STDC_HEADERS 1
| #define HAVE_SYS_TYPES_H 1
| #define HAVE_SYS_STAT_H 1
| #define HAVE_STDLIB_H 1
| #define HAVE_STRING_H 1
| #define HAVE_MEMORY_H 1
| #define HAVE_STRINGS_H 1
| #define HAVE_INTTYPES_H 1
| #define HAVE_STDINT_H 1
| #define HAVE_UNISTD_H 1
| #define __EXTENSIONS__ 1
| #define _ALL_SOURCE 1
| #define _GNU_SOURCE 1
| #define _POSIX_PTHREAD_SEMANTICS 1
| #define _TANDEM_SOURCE 1
| #define HAVE_DLFCN_H 1
| #define LT_OBJDIR ".libs/"
| #define STDC_HEADERS 1
| #define TIME_WITH_SYS_TIME 1
| #define HAVE_USELOCALE 1
| #define HAVE_EACCESS 1
| #define VERSION "1.2.9"
| #define ALSA_CONFIG_DIR "/home/ubuntu1804/workspace/alsa-lib-1.2.9/install/share/alsa"
| #define ALSA_PLUGIN_DIR "/home/ubuntu1804/workspace/alsa-lib-1.2.9/install/lib/alsa-lib"
| #define ALSA_PKGCONF_DIR "/home/ubuntu1804/workspace/alsa-lib-1.2.9/install/lib/pkgconfig"
| #define VERSIONED_SYMBOLS /**/
| #define __SYMBOL_PREFIX ""
| #define TMPDIR "/tmp"
| #define HAVE_LFS 1
| #define HAVE_LIBDL 1
| #define HAVE_LIBPTHREAD 1
| #define HAVE_PTHREAD_MUTEX_RECURSIVE /**/
| #define HAVE___THREAD 1
| #define HAVE_LIBRT 1
| #define HAVE_CLOCK_GETTIME 1
| #define HAVE_ENDIAN_H 1
| /* end confdefs.h.  */
| #include <sys/endian.h>
configure:13337: result: no
configure:13337: checking for sys/endian.h
configure:13337: result: no
configure:13337: checking sys/shm.h usability
configure:13337: aarch64-linux-gnu-gcc -c -g -O2  conftest.c >&5
configure:13337: $? = 0
configure:13337: result: yes
configure:13337: checking sys/shm.h presence
configure:13337: aarch64-linux-gnu-gcc -E  conftest.c
configure:13337: $? = 0
configure:13337: result: yes
configure:13337: checking for sys/shm.h
configure:13337: result: yes
configure:13337: checking malloc.h usability
configure:13337: aarch64-linux-gnu-gcc -c -g -O2  conftest.c >&5
configure:13337: $? = 0
configure:13337: result: yes
configure:13337: checking malloc.h presence
configure:13337: aarch64-linux-gnu-gcc -E  conftest.c
configure:13337: $? = 0
configure:13337: result: yes
configure:13337: checking for malloc.h
configure:13337: result: yes
configure:13348: checking for resmgr support
configure:13357: result: no
configure:13412: checking for aload* support
configure:13421: result: yes
configure:13429: checking for ALSA device file directory
configure:13447: result: /dev/snd/
configure:13450: checking for aload* device file directory
configure:13468: result: /dev/
configure:13755: checking whether GCC supports builtin atomic intrinsics
configure:13773: aarch64-linux-gnu-gcc -o conftest -g -O2   conftest.c -ldl  >&5
configure:13773: $? = 0
configure:13781: result: yes
configure:13796: aarch64-linux-gnu-gcc -o conftest -g -O2   conftest.c -ldl  >&5
conftest.c: In function 'main':
conftest.c:63:1: error: unknown register name 'mm0' in 'asm'
 __asm__ volatile ("" : : : "mm0");
 ^~~~~~~
configure:13796: $? = 1
configure: failed program was:
| /* confdefs.h */
| #define PACKAGE_NAME "alsa-lib"
| #define PACKAGE_TARNAME "alsa-lib"
| #define PACKAGE_VERSION "1.2.9"
| #define PACKAGE_STRING "alsa-lib 1.2.9"
| #define PACKAGE_BUGREPORT ""
| #define PACKAGE_URL ""
| #define PACKAGE "alsa-lib"
| #define VERSION "1.2.9"
| #define STDC_HEADERS 1
| #define HAVE_SYS_TYPES_H 1
| #define HAVE_SYS_STAT_H 1
| #define HAVE_STDLIB_H 1
| #define HAVE_STRING_H 1
| #define HAVE_MEMORY_H 1
| #define HAVE_STRINGS_H 1
| #define HAVE_INTTYPES_H 1
| #define HAVE_STDINT_H 1
| #define HAVE_UNISTD_H 1
| #define __EXTENSIONS__ 1
| #define _ALL_SOURCE 1
| #define _GNU_SOURCE 1
| #define _POSIX_PTHREAD_SEMANTICS 1
| #define _TANDEM_SOURCE 1
| #define HAVE_DLFCN_H 1
| #define LT_OBJDIR ".libs/"
| #define STDC_HEADERS 1
| #define TIME_WITH_SYS_TIME 1
| #define HAVE_USELOCALE 1
| #define HAVE_EACCESS 1
| #define VERSION "1.2.9"
| #define ALSA_CONFIG_DIR "/home/ubuntu1804/workspace/alsa-lib-1.2.9/install/share/alsa"
| #define ALSA_PLUGIN_DIR "/home/ubuntu1804/workspace/alsa-lib-1.2.9/install/lib/alsa-lib"
| #define ALSA_PKGCONF_DIR "/home/ubuntu1804/workspace/alsa-lib-1.2.9/install/lib/pkgconfig"
| #define VERSIONED_SYMBOLS /**/
| #define __SYMBOL_PREFIX ""
| #define TMPDIR "/tmp"
| #define HAVE_LFS 1
| #define HAVE_LIBDL 1
| #define HAVE_LIBPTHREAD 1
| #define HAVE_PTHREAD_MUTEX_RECURSIVE /**/
| #define HAVE___THREAD 1
| #define HAVE_LIBRT 1
| #define HAVE_CLOCK_GETTIME 1
| #define HAVE_ENDIAN_H 1
| #define HAVE_SYS_SHM_H 1
| #define HAVE_MALLOC_H 1
| #define SUPPORT_ALOAD "1"
| #define ALSA_DEVICE_DIRECTORY "/dev/snd/"
| #define ALOAD_DEVICE_DIRECTORY "/dev/"
| #define BUILD_MIXER "1"
| #define BUILD_PCM "1"
| #define BUILD_RAWMIDI "1"
| #define BUILD_HWDEP "1"
| #define BUILD_SEQ "1"
| #define BUILD_UCM "1"
| #define BUILD_TOPOLOGY "1"
| /* end confdefs.h.  */
| 
| int
| main ()
| {
| __asm__ volatile ("" : : : "mm0");
|   ;
|   return 0;
| }
configure:14119: checking for default lockless dmix
configure:14135: result: no
configure:14220: checking for max number of cards
configure:14230: result: 32
configure:14245: checking for thread-safe API functions
configure:14255: result: yes
configure:14383: checking that generated files are newer than configure
configure:14389: result: done
configure:14604: creating ./config.status

## ---------------------- ##
## Running config.status. ##
## ---------------------- ##

This file was extended by alsa-lib config.status 1.2.9, which was
generated by GNU Autoconf 2.69.  Invocation command line was

  CONFIG_FILES    = 
  CONFIG_HEADERS  = 
  CONFIG_LINKS    = 
  CONFIG_COMMANDS = 
  $ ./config.status 

on ubuntu

config.status:1274: creating Makefile
config.status:1274: creating doc/Makefile
config.status:1274: creating doc/pictures/Makefile
config.status:1274: creating doc/doxygen.cfg
config.status:1274: creating include/Makefile
config.status:1274: creating include/sound/Makefile
config.status:1274: creating include/sound/uapi/Makefile
config.status:1274: creating src/Versions
config.status:1274: creating src/Makefile
config.status:1274: creating src/control/Makefile
config.status:1274: creating src/mixer/Makefile
config.status:1274: creating src/pcm/Makefile
config.status:1274: creating src/pcm/scopes/Makefile
config.status:1274: creating src/rawmidi/Makefile
config.status:1274: creating src/timer/Makefile
config.status:1274: creating src/hwdep/Makefile
config.status:1274: creating src/seq/Makefile
config.status:1274: creating src/ucm/Makefile
config.status:1274: creating src/alisp/Makefile
config.status:1274: creating src/topology/Makefile
config.status:1274: creating src/conf/Makefile
config.status:1274: creating src/conf/cards/Makefile
config.status:1274: creating src/conf/ctl/Makefile
config.status:1274: creating src/conf/pcm/Makefile
config.status:1274: creating modules/Makefile
config.status:1274: creating modules/mixer/Makefile
config.status:1274: creating modules/mixer/simple/Makefile
config.status:1274: creating alsalisp/Makefile
config.status:1274: creating aserver/Makefile
config.status:1274: creating test/Makefile
config.status:1274: creating test/lsb/Makefile
config.status:1274: creating utils/Makefile
config.status:1274: creating utils/alsa-lib.spec
config.status:1274: creating utils/alsa.pc
config.status:1274: creating utils/alsa-topology.pc
config.status:1274: creating include/config.h
config.status:1503: executing depfiles commands
config.status:1580: cd src       && sed -e '/# am--include-marker/d' Makefile         | make -f - am--depfiles
config.status:1585: $? = 0
config.status:1580: cd src/control       && sed -e '/# am--include-marker/d' Makefile         | make -f - am--depfiles
config.status:1585: $? = 0
config.status:1580: cd src/mixer       && sed -e '/# am--include-marker/d' Makefile         | make -f - am--depfiles
config.status:1585: $? = 0
config.status:1580: cd src/pcm       && sed -e '/# am--include-marker/d' Makefile         | make -f - am--depfiles
config.status:1585: $? = 0
config.status:1580: cd src/pcm/scopes       && sed -e '/# am--include-marker/d' Makefile         | make -f - am--depfiles
config.status:1585: $? = 0
config.status:1580: cd src/rawmidi       && sed -e '/# am--include-marker/d' Makefile         | make -f - am--depfiles
config.status:1585: $? = 0
config.status:1580: cd src/timer       && sed -e '/# am--include-marker/d' Makefile         | make -f - am--depfiles
config.status:1585: $? = 0
config.status:1580: cd src/hwdep       && sed -e '/# am--include-marker/d' Makefile         | make -f - am--depfiles
config.status:1585: $? = 0
config.status:1580: cd src/seq       && sed -e '/# am--include-marker/d' Makefile         | make -f - am--depfiles
config.status:1585: $? = 0
config.status:1580: cd src/ucm       && sed -e '/# am--include-marker/d' Makefile         | make -f - am--depfiles
config.status:1585: $? = 0
config.status:1580: cd src/alisp       && sed -e '/# am--include-marker/d' Makefile         | make -f - am--depfiles
config.status:1585: $? = 0
config.status:1580: cd src/topology       && sed -e '/# am--include-marker/d' Makefile         | make -f - am--depfiles
config.status:1585: $? = 0
config.status:1580: cd modules/mixer/simple       && sed -e '/# am--include-marker/d' Makefile         | make -f - am--depfiles
config.status:1585: $? = 0
config.status:1580: cd alsalisp       && sed -e '/# am--include-marker/d' Makefile         | make -f - am--depfiles
config.status:1585: $? = 0
config.status:1580: cd aserver       && sed -e '/# am--include-marker/d' Makefile         | make -f - am--depfiles
config.status:1585: $? = 0
config.status:1580: cd test       && sed -e '/# am--include-marker/d' Makefile         | make -f - am--depfiles
config.status:1585: $? = 0
config.status:1580: cd test/lsb       && sed -e '/# am--include-marker/d' Makefile         | make -f - am--depfiles
config.status:1585: $? = 0
config.status:1503: executing libtool commands

## ---------------- ##
## Cache variables. ##
## ---------------- ##

ac_cv_build=x86_64-pc-linux-gnu
ac_cv_c_compiler_gnu=yes
ac_cv_c_const=yes
ac_cv_c_inline=inline
ac_cv_env_CC_set=
ac_cv_env_CC_value=
ac_cv_env_CFLAGS_set=
ac_cv_env_CFLAGS_value=
ac_cv_env_CPPFLAGS_set=
ac_cv_env_CPPFLAGS_value=
ac_cv_env_CPP_set=
ac_cv_env_CPP_value=
ac_cv_env_LDFLAGS_set=
ac_cv_env_LDFLAGS_value=
ac_cv_env_LIBS_set=
ac_cv_env_LIBS_value=
ac_cv_env_LT_SYS_LIBRARY_PATH_set=
ac_cv_env_LT_SYS_LIBRARY_PATH_value=
ac_cv_env_build_alias_set=
ac_cv_env_build_alias_value=
ac_cv_env_host_alias_set=set
ac_cv_env_host_alias_value=aarch64-linux-gnu
ac_cv_env_target_alias_set=
ac_cv_env_target_alias_value=
ac_cv_func_dlopen=no
ac_cv_func_eaccess=yes
ac_cv_func_shl_load=no
ac_cv_func_uselocale=yes
ac_cv_have_decl_PTHREAD_MUTEX_RECURSIVE=yes
ac_cv_header_dlfcn_h=yes
ac_cv_header_endian_h=yes
ac_cv_header_inttypes_h=yes
ac_cv_header_malloc_h=yes
ac_cv_header_memory_h=yes
ac_cv_header_minix_config_h=no
ac_cv_header_stdc=yes
ac_cv_header_stdint_h=yes
ac_cv_header_stdlib_h=yes
ac_cv_header_string_h=yes
ac_cv_header_strings_h=yes
ac_cv_header_sys_endian_h=no
ac_cv_header_sys_shm_h=yes
ac_cv_header_sys_stat_h=yes
ac_cv_header_sys_types_h=yes
ac_cv_header_time=yes
ac_cv_header_unistd_h=yes
ac_cv_host=aarch64-unknown-linux-gnu
ac_cv_lib_dl_dlopen=yes
ac_cv_lib_dld_shl_load=no
ac_cv_lib_pthread_pthread_join=yes
ac_cv_lib_rt_clock_gettime=yes
ac_cv_objext=o
ac_cv_path_EGREP='/bin/grep -E'
ac_cv_path_FGREP='/bin/grep -F'
ac_cv_path_GREP=/bin/grep
ac_cv_path_SED=/bin/sed
ac_cv_path_install='/usr/bin/install -c'
ac_cv_path_lt_DD=/bin/dd
ac_cv_path_mkdir=/bin/mkdir
ac_cv_prog_AR=aarch64-linux-gnu-ar
ac_cv_prog_AWK=gawk
ac_cv_prog_CC=aarch64-linux-gnu-gcc
ac_cv_prog_CPP='aarch64-linux-gnu-gcc -E'
ac_cv_prog_OBJDUMP=aarch64-linux-gnu-objdump
ac_cv_prog_RANLIB=aarch64-linux-gnu-ranlib
ac_cv_prog_STRIP=aarch64-linux-gnu-strip
ac_cv_prog_ac_ct_MANIFEST_TOOL=mt
ac_cv_prog_cc_c89=
ac_cv_prog_cc_g=yes
ac_cv_prog_gcc_traditional=no
ac_cv_prog_make_make_set=yes
ac_cv_safe_to_define___extensions__=yes
ac_cv_search_dlsym=-ldl
am_cv_CC_dependencies_compiler_type=gcc3
am_cv_make_support_nested_variables=yes
am_cv_prog_cc_c_o=yes
cc_cv_ldflags__Wl___no_undefined=yes
cc_cv_ldflags__Wl__z_defs=yes
lt_cv_ar_at_file=@
lt_cv_archive_cmds_need_lc=no
lt_cv_deplibs_check_method=pass_all
lt_cv_dlopen=dlopen
lt_cv_dlopen_libs=-ldl
lt_cv_dlopen_self=cross
lt_cv_file_magic_cmd='$MAGIC_CMD'
lt_cv_file_magic_test_file=
lt_cv_ld_reload_flag=-r
lt_cv_nm_interface='BSD nm'
lt_cv_objdir=.libs
lt_cv_path_LD=/home/ubuntu1804/workspace/rk3308/prebuilts/gcc/linux-x86/aarch64/gcc-linaro-6.3.1-2017.05-x86_64_aarch64-linux-gnu/aarch64-linux-gnu/bin/ld
lt_cv_path_NM='/home/ubuntu1804/workspace/rk3308/prebuilts/gcc/linux-x86/aarch64/gcc-linaro-6.3.1-2017.05-x86_64_aarch64-linux-gnu/bin/aarch64-linux-gnu-nm -B'
lt_cv_path_mainfest_tool=no
lt_cv_prog_compiler_c_o=yes
lt_cv_prog_compiler_pic='-fPIC -DPIC'
lt_cv_prog_compiler_pic_works=yes
lt_cv_prog_compiler_rtti_exceptions=no
lt_cv_prog_compiler_static_works=yes
lt_cv_prog_gnu_ld=yes
lt_cv_sharedlib_from_linklib_cmd='printf %s\n'
lt_cv_shlibpath_overrides_runpath=no
lt_cv_sys_global_symbol_pipe='sed -n -e '\''s/^.*[	 ]\([ABCDGIRSTW][ABCDGIRSTW]*\)[	 ][	 ]*\([_A-Za-z][_A-Za-z0-9]*\)$/\1 \2 \2/p'\'' | sed '\''/ __gnu_lto/d'\'''
lt_cv_sys_global_symbol_to_c_name_address='sed -n -e '\''s/^: \(.*\) .*$/  {"\1", (void *) 0},/p'\'' -e '\''s/^[ABCDGIRSTW][ABCDGIRSTW]* .* \(.*\)$/  {"\1", (void *) \&\1},/p'\'''
lt_cv_sys_global_symbol_to_c_name_address_lib_prefix='sed -n -e '\''s/^: \(.*\) .*$/  {"\1", (void *) 0},/p'\'' -e '\''s/^[ABCDGIRSTW][ABCDGIRSTW]* .* \(lib.*\)$/  {"\1", (void *) \&\1},/p'\'' -e '\''s/^[ABCDGIRSTW][ABCDGIRSTW]* .* \(.*\)$/  {"lib\1", (void *) \&\1},/p'\'''
lt_cv_sys_global_symbol_to_cdecl='sed -n -e '\''s/^T .* \(.*\)$/extern int \1();/p'\'' -e '\''s/^[ABCDGIRSTW][ABCDGIRSTW]* .* \(.*\)$/extern char \1;/p'\'''
lt_cv_sys_global_symbol_to_import=
lt_cv_sys_max_cmd_len=1572864
lt_cv_to_host_file_cmd=func_convert_file_noop
lt_cv_to_tool_file_cmd=func_convert_file_noop
lt_cv_truncate_bin='/bin/dd bs=4096 count=1'

## ----------------- ##
## Output variables. ##
## ----------------- ##

ACLOCAL='${SHELL} /home/ubuntu1804/workspace/alsa-lib-1.2.9/missing aclocal-1.16'
ALSA_CONFIG_DIR='/home/ubuntu1804/workspace/alsa-lib-1.2.9/install/share/alsa'
ALSA_DEPLIBS='-lm -lpthread -lrt'
ALSA_PKGCONF_DIR='/home/ubuntu1804/workspace/alsa-lib-1.2.9/install/lib/pkgconfig'
ALSA_PLUGIN_DIR='/home/ubuntu1804/workspace/alsa-lib-1.2.9/install/lib/alsa-lib'
AMDEPBACKSLASH='\'
AMDEP_FALSE='#'
AMDEP_TRUE=''
AMTAR='$${TAR-tar}'
AM_BACKSLASH='\'
AM_DEFAULT_V='$(AM_DEFAULT_VERBOSITY)'
AM_DEFAULT_VERBOSITY='0'
AM_V='$(V)'
AR='aarch64-linux-gnu-ar'
AUTOCONF='${SHELL} /home/ubuntu1804/workspace/alsa-lib-1.2.9/missing autoconf'
AUTOHEADER='${SHELL} /home/ubuntu1804/workspace/alsa-lib-1.2.9/missing autoheader'
AUTOMAKE='${SHELL} /home/ubuntu1804/workspace/alsa-lib-1.2.9/missing automake-1.16'
AWK='gawk'
BUILD_ALISP_FALSE=''
BUILD_ALISP_TRUE='#'
BUILD_CTL_PLUGIN_EXT_FALSE='#'
BUILD_CTL_PLUGIN_EXT_TRUE=''
BUILD_CTL_PLUGIN_FALSE='#'
BUILD_CTL_PLUGIN_REMAP_FALSE='#'
BUILD_CTL_PLUGIN_REMAP_TRUE=''
BUILD_CTL_PLUGIN_SHM_FALSE='#'
BUILD_CTL_PLUGIN_SHM_TRUE=''
BUILD_CTL_PLUGIN_TRUE=''
BUILD_HWDEP_FALSE='#'
BUILD_HWDEP_TRUE=''
BUILD_MIXER_FALSE='#'
BUILD_MIXER_MODULES_FALSE=''
BUILD_MIXER_MODULES_TRUE='#'
BUILD_MIXER_PYMODULES_FALSE=''
BUILD_MIXER_PYMODULES_TRUE='#'
BUILD_MIXER_TRUE=''
BUILD_MODULES_FALSE='#'
BUILD_MODULES_TRUE=''
BUILD_PCM_FALSE='#'
BUILD_PCM_PLUGIN_ADPCM_FALSE='#'
BUILD_PCM_PLUGIN_ADPCM_TRUE=''
BUILD_PCM_PLUGIN_ALAW_FALSE='#'
BUILD_PCM_PLUGIN_ALAW_TRUE=''
BUILD_PCM_PLUGIN_ASYM_FALSE='#'
BUILD_PCM_PLUGIN_ASYM_TRUE=''
BUILD_PCM_PLUGIN_COPY_FALSE='#'
BUILD_PCM_PLUGIN_COPY_TRUE=''
BUILD_PCM_PLUGIN_DMIX_FALSE='#'
BUILD_PCM_PLUGIN_DMIX_TRUE=''
BUILD_PCM_PLUGIN_DSHARE_FALSE='#'
BUILD_PCM_PLUGIN_DSHARE_TRUE=''
BUILD_PCM_PLUGIN_DSNOOP_FALSE='#'
BUILD_PCM_PLUGIN_DSNOOP_TRUE=''
BUILD_PCM_PLUGIN_EMPTY_FALSE='#'
BUILD_PCM_PLUGIN_EMPTY_TRUE=''
BUILD_PCM_PLUGIN_EXTPLUG_FALSE='#'
BUILD_PCM_PLUGIN_EXTPLUG_TRUE=''
BUILD_PCM_PLUGIN_FALSE='#'
BUILD_PCM_PLUGIN_FILE_FALSE='#'
BUILD_PCM_PLUGIN_FILE_TRUE=''
BUILD_PCM_PLUGIN_HOOKS_FALSE='#'
BUILD_PCM_PLUGIN_HOOKS_TRUE=''
BUILD_PCM_PLUGIN_IEC958_FALSE='#'
BUILD_PCM_PLUGIN_IEC958_TRUE=''
BUILD_PCM_PLUGIN_IOPLUG_FALSE='#'
BUILD_PCM_PLUGIN_IOPLUG_TRUE=''
BUILD_PCM_PLUGIN_LADSPA_FALSE='#'
BUILD_PCM_PLUGIN_LADSPA_TRUE=''
BUILD_PCM_PLUGIN_LFLOAT_FALSE='#'
BUILD_PCM_PLUGIN_LFLOAT_TRUE=''
BUILD_PCM_PLUGIN_LINEAR_FALSE='#'
BUILD_PCM_PLUGIN_LINEAR_TRUE=''
BUILD_PCM_PLUGIN_METER_FALSE='#'
BUILD_PCM_PLUGIN_METER_TRUE=''
BUILD_PCM_PLUGIN_MMAP_EMUL_FALSE='#'
BUILD_PCM_PLUGIN_MMAP_EMUL_TRUE=''
BUILD_PCM_PLUGIN_MULAW_FALSE='#'
BUILD_PCM_PLUGIN_MULAW_TRUE=''
BUILD_PCM_PLUGIN_MULTI_FALSE='#'
BUILD_PCM_PLUGIN_MULTI_TRUE=''
BUILD_PCM_PLUGIN_NULL_FALSE='#'
BUILD_PCM_PLUGIN_NULL_TRUE=''
BUILD_PCM_PLUGIN_PLUG_FALSE='#'
BUILD_PCM_PLUGIN_PLUG_TRUE=''
BUILD_PCM_PLUGIN_RATE_FALSE='#'
BUILD_PCM_PLUGIN_RATE_TRUE=''
BUILD_PCM_PLUGIN_ROUTE_FALSE='#'
BUILD_PCM_PLUGIN_ROUTE_TRUE=''
BUILD_PCM_PLUGIN_SHARE_FALSE='#'
BUILD_PCM_PLUGIN_SHARE_TRUE=''
BUILD_PCM_PLUGIN_SHM_FALSE='#'
BUILD_PCM_PLUGIN_SHM_TRUE=''
BUILD_PCM_PLUGIN_SOFTVOL_FALSE='#'
BUILD_PCM_PLUGIN_SOFTVOL_TRUE=''
BUILD_PCM_PLUGIN_TRUE=''
BUILD_PCM_TRUE=''
BUILD_RAWMIDI_FALSE='#'
BUILD_RAWMIDI_TRUE=''
BUILD_SEQ_FALSE='#'
BUILD_SEQ_TRUE=''
BUILD_TOPOLOGY_FALSE='#'
BUILD_TOPOLOGY_TRUE=''
BUILD_UCM_FALSE='#'
BUILD_UCM_TRUE=''
CC='aarch64-linux-gnu-gcc'
CCDEPMODE='depmode=gcc3'
CFLAGS='-g -O2'
CPP='aarch64-linux-gnu-gcc -E'
CPPFLAGS=''
CYGPATH_W='echo'
DEFS='-DHAVE_CONFIG_H'
DEPDIR='.deps'
DLLTOOL='false'
DSYMUTIL=''
DUMPBIN=''
ECHO_C=''
ECHO_N='-n'
ECHO_T=''
EGREP='/bin/grep -E'
EXEEXT=''
FGREP='/bin/grep -F'
GREP='/bin/grep'
INSTALL_DATA='${INSTALL} -m 644'
INSTALL_M4_FALSE='#'
INSTALL_M4_TRUE=''
INSTALL_PROGRAM='${INSTALL}'
INSTALL_SCRIPT='${INSTALL}'
INSTALL_STRIP_PROGRAM='$(install_sh) -c -s'
KEEP_OLD_SYMBOLS_FALSE='#'
KEEP_OLD_SYMBOLS_TRUE=''
LD='/home/ubuntu1804/workspace/rk3308/prebuilts/gcc/linux-x86/aarch64/gcc-linaro-6.3.1-2017.05-x86_64_aarch64-linux-gnu/aarch64-linux-gnu/bin/ld'
LDFLAGS=''
LDFLAGS_NOUNDEFINED='-Wl,-z,defs'
LIBOBJS=''
LIBS='-ldl '
LIBTOOL='$(SHELL) $(top_builddir)/libtool'
LIBTOOL_VERSION_INFO='2:0:0'
LIPO=''
LN_S='ln -s'
LTLIBOBJS=''
LT_SYS_LIBRARY_PATH=''
MAINT=''
MAINTAINER_MODE_FALSE='#'
MAINTAINER_MODE_TRUE=''
MAKEINFO='${SHELL} /home/ubuntu1804/workspace/alsa-lib-1.2.9/missing makeinfo'
MANIFEST_TOOL=':'
MKDIR_P='/bin/mkdir -p'
NM='/home/ubuntu1804/workspace/rk3308/prebuilts/gcc/linux-x86/aarch64/gcc-linaro-6.3.1-2017.05-x86_64_aarch64-linux-gnu/bin/aarch64-linux-gnu-nm -B'
NMEDIT=''
OBJDUMP='aarch64-linux-gnu-objdump'
OBJEXT='o'
OTOOL64=''
OTOOL=''
PACKAGE='alsa-lib'
PACKAGE_BUGREPORT=''
PACKAGE_NAME='alsa-lib'
PACKAGE_STRING='alsa-lib 1.2.9'
PACKAGE_TARNAME='alsa-lib'
PACKAGE_URL=''
PACKAGE_VERSION='1.2.9'
PATH_SEPARATOR=':'
PYTHON_INCLUDES=''
PYTHON_LIBS=''
RANLIB='aarch64-linux-gnu-ranlib'
SED='/bin/sed'
SET_MAKE=''
SHELL='/bin/bash'
SND_LIB_EXTRAVER='1000000'
SND_LIB_MAJOR='1'
SND_LIB_MINOR='2'
SND_LIB_SUBMINOR='9'
SND_LIB_VERSION='1.2.9'
STRIP='aarch64-linux-gnu-strip'
SYMBOLIC_FUNCTIONS_FALSE=''
SYMBOLIC_FUNCTIONS_TRUE='#'
SYMBOL_PREFIX=''
VERSION='1.2.9'
VERSIONED_SYMBOLS_FALSE='#'
VERSIONED_SYMBOLS_TRUE=''
ac_ct_AR=''
ac_ct_CC=''
ac_ct_DUMPBIN=''
am__EXEEXT_FALSE=''
am__EXEEXT_TRUE='#'
am__fastdepCC_FALSE='#'
am__fastdepCC_TRUE=''
am__include='include'
am__isrc=''
am__leading_dot='.'
am__nodep='_no'
am__quote=''
am__tar='$${TAR-tar} chof - "$$tardir"'
am__untar='$${TAR-tar} xf -'
bindir='${exec_prefix}/bin'
build='x86_64-pc-linux-gnu'
build_alias=''
build_cpu='x86_64'
build_os='linux-gnu'
build_vendor='pc'
datadir='${datarootdir}'
datarootdir='${prefix}/share'
docdir='${datarootdir}/doc/${PACKAGE_TARNAME}'
dvidir='${docdir}'
exec_prefix='/home/ubuntu1804/workspace/alsa-lib-1.2.9/install'
host='aarch64-unknown-linux-gnu'
host_alias='aarch64-linux-gnu'
host_cpu='aarch64'
host_os='linux-gnu'
host_vendor='unknown'
htmldir='${docdir}'
includedir='${prefix}/include'
infodir='${datarootdir}/info'
install_sh='${SHELL} /home/ubuntu1804/workspace/alsa-lib-1.2.9/install-sh'
libdir='${exec_prefix}/lib'
libexecdir='${exec_prefix}/libexec'
localedir='${datarootdir}/locale'
localstatedir='${prefix}/var'
mandir='${datarootdir}/man'
mkdir_p='$(MKDIR_P)'
oldincludedir='/usr/include'
pdfdir='${docdir}'
prefix='/home/ubuntu1804/workspace/alsa-lib-1.2.9/install'
program_transform_name='s,x,x,'
psdir='${docdir}'
runstatedir='${localstatedir}/run'
sbindir='${exec_prefix}/sbin'
sharedstatedir='${prefix}/com'
sysconfdir='${prefix}/etc'
target_alias=''

## ----------- ##
## confdefs.h. ##
## ----------- ##

/* confdefs.h */
#define PACKAGE_NAME "alsa-lib"
#define PACKAGE_TARNAME "alsa-lib"
#define PACKAGE_VERSION "1.2.9"
#define PACKAGE_STRING "alsa-lib 1.2.9"
#define PACKAGE_BUGREPORT ""
#define PACKAGE_URL ""
#define PACKAGE "alsa-lib"
#define VERSION "1.2.9"
#define STDC_HEADERS 1
#define HAVE_SYS_TYPES_H 1
#define HAVE_SYS_STAT_H 1
#define HAVE_STDLIB_H 1
#define HAVE_STRING_H 1
#define HAVE_MEMORY_H 1
#define HAVE_STRINGS_H 1
#define HAVE_INTTYPES_H 1
#define HAVE_STDINT_H 1
#define HAVE_UNISTD_H 1
#define __EXTENSIONS__ 1
#define _ALL_SOURCE 1
#define _GNU_SOURCE 1
#define _POSIX_PTHREAD_SEMANTICS 1
#define _TANDEM_SOURCE 1
#define HAVE_DLFCN_H 1
#define LT_OBJDIR ".libs/"
#define STDC_HEADERS 1
#define TIME_WITH_SYS_TIME 1
#define HAVE_USELOCALE 1
#define HAVE_EACCESS 1
#define VERSION "1.2.9"
#define ALSA_CONFIG_DIR "/home/ubuntu1804/workspace/alsa-lib-1.2.9/install/share/alsa"
#define ALSA_PLUGIN_DIR "/home/ubuntu1804/workspace/alsa-lib-1.2.9/install/lib/alsa-lib"
#define ALSA_PKGCONF_DIR "/home/ubuntu1804/workspace/alsa-lib-1.2.9/install/lib/pkgconfig"
#define VERSIONED_SYMBOLS /**/
#define __SYMBOL_PREFIX ""
#define TMPDIR "/tmp"
#define HAVE_LFS 1
#define HAVE_LIBDL 1
#define HAVE_LIBPTHREAD 1
#define HAVE_PTHREAD_MUTEX_RECURSIVE /**/
#define HAVE___THREAD 1
#define HAVE_LIBRT 1
#define HAVE_CLOCK_GETTIME 1
#define HAVE_ENDIAN_H 1
#define HAVE_SYS_SHM_H 1
#define HAVE_MALLOC_H 1
#define SUPPORT_ALOAD "1"
#define ALSA_DEVICE_DIRECTORY "/dev/snd/"
#define ALOAD_DEVICE_DIRECTORY "/dev/"
#define BUILD_MIXER "1"
#define BUILD_PCM "1"
#define BUILD_RAWMIDI "1"
#define BUILD_HWDEP "1"
#define BUILD_SEQ "1"
#define BUILD_UCM "1"
#define BUILD_TOPOLOGY "1"
#define BUILD_PCM_PLUGIN_RATE "1"
#define BUILD_PCM_PLUGIN_ROUTE "1"
#define BUILD_PCM_PLUGIN_LFLOAT "1"
#define BUILD_PCM_PLUGIN_ADPCM "1"
#define BUILD_PCM_PLUGIN_MULAW "1"
#define BUILD_PCM_PLUGIN_ALAW "1"
#define BUILD_PCM_PLUGIN_MMAP_EMUL "1"
#define SND_MAX_CARDS 32
#define THREAD_SAFE_API "1"

configure: exit 0
